[wrraptheme.com/templates/iconic/dist/index904b9.html]
[backblue.gif]
[fade.gif]
[index.html]
[wrraptheme.com/templates/iconic/dist/favicon.ico]
[wrraptheme.com/templates/iconic/dist/assets/vendor/bootstrap/css/bootstrap.min.css]
[wrraptheme.com/templates/iconic/dist/assets/vendor/font-awesome/css/font-awesome.min.css]
[wrraptheme.com/templates/iconic/dist/assets/vendor/charts-c3/plugin.css]
[wrraptheme.com/templates/iconic/dist/assets/images/logo-icon.svg]
[wrraptheme.com/templates/iconic/dist/assets/css/main.css]
[wrraptheme.com/templates/iconic/dist/index.html]
[wrraptheme.com/templates/iconic/dist/page-login.html]
[wrraptheme.com/templates/iconic/dist/assets/images/user.png]
[wrraptheme.com/templates/iconic/dist/page-profile2.html]
[wrraptheme.com/templates/iconic/dist/app-inbox.html]
[wrraptheme.com/templates/iconic/dist/h-menu.html]
[wrraptheme.com/templates/iconic/dist/index9.html]
[wrraptheme.com/templates/iconic/dist/index2.html]
[wrraptheme.com/templates/iconic/dist/index6.html]
[wrraptheme.com/templates/iconic/dist/index7.html]
[wrraptheme.com/templates/iconic/dist/index8.html]
[wrraptheme.com/templates/iconic/dist/hospital/index.html]
[wrraptheme.com/templates/iconic/dist/hr/index.html]
[wrraptheme.com/templates/iconic/dist/university/index.html]
[wrraptheme.com/templates/iconic/dist/realestate/index.html]
[wrraptheme.com/templates/iconic/dist/app-chat.html]
[wrraptheme.com/templates/iconic/dist/app-calendar.html]
[wrraptheme.com/templates/iconic/dist/app-contact.html]
[wrraptheme.com/templates/iconic/dist/app-contact-grid.html]
[wrraptheme.com/templates/iconic/dist/app-taskboard.html]
[wrraptheme.com/templates/iconic/dist/blog-dashboard.html]
[wrraptheme.com/templates/iconic/dist/blog-post.html]
[wrraptheme.com/templates/iconic/dist/blog-list.html]
[wrraptheme.com/templates/iconic/dist/blog-details.html]
[wrraptheme.com/templates/iconic/dist/file-dashboard.html]
[wrraptheme.com/templates/iconic/dist/file-documents.html]
[wrraptheme.com/templates/iconic/dist/file-media.html]
[wrraptheme.com/templates/iconic/dist/file-images.html]
[wrraptheme.com/templates/iconic/dist/widgets-statistics.html]
[wrraptheme.com/templates/iconic/dist/widgets-data.html]
[wrraptheme.com/templates/iconic/dist/widgets-chart.html]
[wrraptheme.com/templates/iconic/dist/widgets-weather.html]
[wrraptheme.com/templates/iconic/dist/widgets-social.html]
[wrraptheme.com/templates/iconic/dist/widgets-blog.html]
[wrraptheme.com/templates/iconic/dist/widgets-ecommerce.html]
[wrraptheme.com/templates/iconic/dist/ui-typography.html]
[wrraptheme.com/templates/iconic/dist/ui-tabs.html]
[wrraptheme.com/templates/iconic/dist/ui-buttons.html]
[wrraptheme.com/templates/iconic/dist/ui-bootstrap.html]
[wrraptheme.com/templates/iconic/dist/ui-icons.html]
[wrraptheme.com/templates/iconic/dist/ui-notifications.html]
[wrraptheme.com/templates/iconic/dist/ui-colors.html]
[wrraptheme.com/templates/iconic/dist/ui-dialogs.html]
[wrraptheme.com/templates/iconic/dist/ui-list-group.html]
[wrraptheme.com/templates/iconic/dist/ui-media-object.html]
[wrraptheme.com/templates/iconic/dist/ui-modals.html]
[wrraptheme.com/templates/iconic/dist/ui-nestable.html]
[wrraptheme.com/templates/iconic/dist/ui-progressbars.html]
[wrraptheme.com/templates/iconic/dist/ui-range-sliders.html]
[wrraptheme.com/templates/iconic/dist/ui-treeview.html]
[wrraptheme.com/templates/iconic/dist/chart-apex.html]
[wrraptheme.com/templates/iconic/dist/chart-c3.html]
[wrraptheme.com/templates/iconic/dist/chart-morris.html]
[wrraptheme.com/templates/iconic/dist/chart-flot.html]
[wrraptheme.com/templates/iconic/dist/chart-chartjs.html]
[wrraptheme.com/templates/iconic/dist/chart-jquery-knob.html]
[wrraptheme.com/templates/iconic/dist/chart-sparkline.html]
[wrraptheme.com/templates/iconic/dist/chart-peity.html]
[wrraptheme.com/templates/iconic/dist/chart-gauges.html]
[wrraptheme.com/templates/iconic/dist/forms-validation.html]
[wrraptheme.com/templates/iconic/dist/forms-advanced.html]
[wrraptheme.com/templates/iconic/dist/forms-basic.html]
[wrraptheme.com/templates/iconic/dist/forms-wizard.html]
[wrraptheme.com/templates/iconic/dist/forms-dragdropupload.html]
[wrraptheme.com/templates/iconic/dist/forms-cropping.html]
[wrraptheme.com/templates/iconic/dist/forms-summernote.html]
[wrraptheme.com/templates/iconic/dist/forms-editors.html]
[wrraptheme.com/templates/iconic/dist/forms-markdown.html]
[wrraptheme.com/templates/iconic/dist/table-basic.html]
[wrraptheme.com/templates/iconic/dist/table-normal.html]
[wrraptheme.com/templates/iconic/dist/table-jquery-datatable.html]
[wrraptheme.com/templates/iconic/dist/table-editable.html]
[wrraptheme.com/templates/iconic/dist/table-color.html]
[wrraptheme.com/templates/iconic/dist/table-filter.html]
[wrraptheme.com/templates/iconic/dist/table-dragger.html]
[wrraptheme.com/templates/iconic/dist/page-register.html]
[wrraptheme.com/templates/iconic/dist/page-lockscreen.html]
[wrraptheme.com/templates/iconic/dist/page-forgot-password.html]
[wrraptheme.com/templates/iconic/dist/page-404.html]
[wrraptheme.com/templates/iconic/dist/page-403.html]
[wrraptheme.com/templates/iconic/dist/page-500.html]
[wrraptheme.com/templates/iconic/dist/page-503.html]
[wrraptheme.com/templates/iconic/dist/page-blank.html]
[wrraptheme.com/templates/iconic/dist/page-profile.html]
[wrraptheme.com/templates/iconic/dist/page-gallery.html]
[wrraptheme.com/templates/iconic/dist/page-gallery2.html]
[wrraptheme.com/templates/iconic/dist/page-timeline.html]
[wrraptheme.com/templates/iconic/dist/page-timeline-h.html]
[wrraptheme.com/templates/iconic/dist/page-pricing.html]
[wrraptheme.com/templates/iconic/dist/page-invoices.html]
[wrraptheme.com/templates/iconic/dist/page-invoices2.html]
[wrraptheme.com/templates/iconic/dist/page-search-results.html]
[wrraptheme.com/templates/iconic/dist/page-helper-class.html]
[wrraptheme.com/templates/iconic/dist/page-teams-board.html]
[wrraptheme.com/templates/iconic/dist/page-projects-list.html]
[wrraptheme.com/templates/iconic/dist/page-maintenance.html]
[wrraptheme.com/templates/iconic/dist/page-testimonials.html]
[wrraptheme.com/templates/iconic/dist/page-faq.html]
[wrraptheme.com/templates/iconic/dist/map-google.html]
[wrraptheme.com/templates/iconic/dist/map-yandex.html]
[wrraptheme.com/templates/iconic/dist/map-jvectormap.html]
[wrraptheme.com/templates/iconic/dist/assets/images/xs/avatar1.jpg]
[wrraptheme.com/templates/iconic/dist/assets/images/xs/avatar2.jpg]
[wrraptheme.com/templates/iconic/dist/assets/images/xs/avatar3.jpg]
[wrraptheme.com/templates/iconic/dist/assets/images/xs/avatar4.jpg]
[wrraptheme.com/templates/iconic/dist/assets/images/xs/avatar5.jpg]
[wrraptheme.com/templates/iconic/dist/assets/images/air-conditioner.png]
[wrraptheme.com/templates/iconic/dist/assets/images/fridge.png]
[wrraptheme.com/templates/iconic/dist/assets/images/washing-machine.png]
[wrraptheme.com/templates/iconic/dist/assets/bundles/libscripts.bundle.js]
[wrraptheme.com/templates/iconic/dist/assets/bundles/vendorscripts.bundle.js]
[wrraptheme.com/templates/iconic/dist/assets/bundles/c3.bundle.js]
[wrraptheme.com/templates/iconic/dist/assets/bundles/mainscripts.bundle.js]
[wrraptheme.com/templates/iconic/js/iot.js]
[wrraptheme.com/templates/iconic/dist/index904b9.html]
[wrraptheme.com/templates/iconic/dist/assets/vendor/bootstrap/css/bootstrap.min.css]
[wrraptheme.com/templates/iconic/dist/assets/vendor/font-awesome/fonts/fontawesome-webfont3e6e.eot]
[wrraptheme.com/templates/iconic/dist/assets/vendor/font-awesome/fonts/fontawesome-webfont3e6e.woff2]
[wrraptheme.com/templates/iconic/dist/assets/vendor/font-awesome/fonts/fontawesome-webfontd41d.eot]
[wrraptheme.com/templates/iconic/dist/assets/vendor/font-awesome/fonts/fontawesome-webfont3e6e.woff]
[wrraptheme.com/templates/iconic/dist/assets/vendor/font-awesome/fonts/fontawesome-webfont3e6e.ttf]
[wrraptheme.com/templates/iconic/dist/assets/vendor/font-awesome/css/font-awesome.min.css]
[wrraptheme.com/templates/iconic/dist/assets/vendor/charts-c3/plugin.css]
[wrraptheme.com/templates/iconic/dist/assets/vendor/font-awesome/fonts/fontawesome-webfont3e6e.svg]
[wrraptheme.com/templates/iconic/dist/assets/images/auth_bg.jpg]
[wrraptheme.com/templates/iconic/dist/assets/images/weather_img.jpg]
[wrraptheme.com/templates/iconic/dist/assets/css/main.css]
[wrraptheme.com/templates/iconic/dist/assets/images/logo-icon.svg]
[wrraptheme.com/templates/iconic/dist/assets/vendor/toastr/toastr.min.css]
[wrraptheme.com/templates/iconic/dist/assets/vendor/toastr/toastr.js]
[wrraptheme.com/templates/iconic/js/index.js]
[wrraptheme.com/templates/iconic/dist/index.html]
[wrraptheme.com/templates/iconic/dist/assets/images/logo-white.svg]
[wrraptheme.com/templates/iconic/dist/page-login.html]
[wrraptheme.com/templates/iconic/dist/assets/vendor/bootstrap-datepicker/css/bootstrap-datepicker3.min.css]
[wrraptheme.com/templates/iconic/dist/assets/css/blog.css]
[wrraptheme.com/templates/iconic/dist/assets/images/blog/blog-page-1.jpg]
[wrraptheme.com/templates/iconic/dist/assets/images/blog/blog-page-2.jpg]
[wrraptheme.com/templates/iconic/dist/assets/bundles/knob.bundle.js]
[wrraptheme.com/templates/iconic/dist/page-profile2.html]
[wrraptheme.com/templates/iconic/dist/assets/vendor/bootstrap-datepicker/js/bootstrap-datepicker.min.js]
[wrraptheme.com/templates/iconic/dist/assets/vendor/sweetalert/sweetalert.css]
[wrraptheme.com/templates/iconic/dist/assets/css/inbox.css]
[wrraptheme.com/templates/iconic/dist/app-compose.html]
[wrraptheme.com/templates/iconic/dist/assets/images/sm/avatar1.jpg]
[wrraptheme.com/templates/iconic/dist/assets/vendor/sweetalert/sweetalert.min.js]
[wrraptheme.com/templates/iconic/js/pages/ui/dialogs.js]
[wrraptheme.com/templates/iconic/dist/app-inbox.html]
[wrraptheme.com/templates/iconic/dist/assets/css/h-menu.css]
[wrraptheme.com/templates/iconic/js/h-menu.js]
[wrraptheme.com/templates/iconic/dist/h-menu.html]
[wrraptheme.com/templates/iconic/dist/index9.html]
[wrraptheme.com/templates/iconic/dist/assets/vendor/jvectormap/jquery-jvectormap-2.0.3.min.css]
[wrraptheme.com/templates/iconic/dist/assets/bundles/jvectormap.bundle.js]
[wrraptheme.com/templates/iconic/js/index2.js]
[wrraptheme.com/templates/iconic/dist/index2.html]
[wrraptheme.com/templates/iconic/dist/assets/vendor/bootstrap-progressbar/css/bootstrap-progressbar-3.3.4.min.css]
[wrraptheme.com/templates/iconic/dist/assets/vendor/nestable/jquery-nestable.css]
[wrraptheme.com/templates/iconic/dist/assets/vendor/jquery-datatable/dataTables.bootstrap4.min.css]
[wrraptheme.com/templates/iconic/dist/assets/images/xs/avatar10.jpg]
[wrraptheme.com/templates/iconic/dist/assets/images/xs/avatar7.jpg]
[wrraptheme.com/templates/iconic/dist/assets/images/xs/avatar6.jpg]
[wrraptheme.com/templates/iconic/dist/assets/images/xs/avatar8.jpg]
[wrraptheme.com/templates/iconic/dist/assets/images/xs/avatar9.jpg]
[wrraptheme.com/templates/iconic/dist/assets/vendor/nestable/jquery.nestable.js]
[wrraptheme.com/templates/iconic/dist/assets/bundles/datatablescripts.bundle.js]
[wrraptheme.com/templates/iconic/js/pages/ui/sortable-nestable.js]
[wrraptheme.com/templates/iconic/js/pages/tables/jquery-datatable.js]
[wrraptheme.com/templates/iconic/js/index6.js]
[wrraptheme.com/templates/iconic/dist/index6.html]
[wrraptheme.com/templates/iconic/dist/assets/images/coin/BTC.svg]
[wrraptheme.com/templates/iconic/dist/assets/images/coin/ETH.svg]
[wrraptheme.com/templates/iconic/dist/assets/images/coin/XRP.svg]
[wrraptheme.com/templates/iconic/dist/assets/images/coin/neo.svg]
[wrraptheme.com/templates/iconic/dist/assets/images/coin/qtum.svg]
[wrraptheme.com/templates/iconic/dist/assets/images/coin/stellar.svg]
[wrraptheme.com/templates/iconic/dist/assets/images/coin/ETC.svg]
[wrraptheme.com/templates/iconic/dist/assets/images/coin/LTC.svg]
[wrraptheme.com/templates/iconic/dist/assets/images/coin/DASH.svg]
[wrraptheme.com/templates/iconic/js/index7.js]
[wrraptheme.com/templates/iconic/dist/index7.html]
[wrraptheme.com/templates/iconic/js/index8.js]
[wrraptheme.com/templates/iconic/dist/index8.html]
[wrraptheme.com/templates/iconic/dist/assets/bundles/apexcharts.bundle.js]
[wrraptheme.com/templates/iconic/dist/hospital/favicon.ico]
[wrraptheme.com/templates/iconic/dist/hospital/page-login.html]
[wrraptheme.com/templates/iconic/dist/hospital/doctor-profile.html]
[wrraptheme.com/templates/iconic/dist/hospital/app-inbox.html]
[wrraptheme.com/templates/iconic/dist/hospital/index-covid.html]
[wrraptheme.com/templates/iconic/dist/hospital/index-doctor.html]
[wrraptheme.com/templates/iconic/dist/hospital/doctor-all.html]
[wrraptheme.com/templates/iconic/dist/hospital/doctor-add.html]
[wrraptheme.com/templates/iconic/dist/hospital/doctor-events.html]
[wrraptheme.com/templates/iconic/dist/hospital/index-patient.html]
[wrraptheme.com/templates/iconic/dist/hospital/patient-all.html]
[wrraptheme.com/templates/iconic/dist/hospital/patient-add.html]
[wrraptheme.com/templates/iconic/dist/hospital/patient-profile.html]
[wrraptheme.com/templates/iconic/dist/hospital/patient-invoice.html]
[wrraptheme.com/templates/iconic/dist/hospital/app-appointment.html]
[wrraptheme.com/templates/iconic/dist/hospital/app-taskboard.html]
[wrraptheme.com/templates/iconic/dist/hospital/app-chat.html]
[wrraptheme.com/templates/iconic/dist/hospital/app-contact.html]
[wrraptheme.com/templates/iconic/dist/hospital/room-all.html]
[wrraptheme.com/templates/iconic/dist/hospital/room-add.html]
[wrraptheme.com/templates/iconic/dist/hospital/depa-add.html]
[wrraptheme.com/templates/iconic/dist/hospital/depa-all.html]
[wrraptheme.com/templates/iconic/dist/hospital/payments.html]
[wrraptheme.com/templates/iconic/dist/hospital/payments-add.html]
[wrraptheme.com/templates/iconic/dist/hospital/payments-invoice.html]
[wrraptheme.com/templates/iconic/dist/hospital/blog-dashboard.html]
[wrraptheme.com/templates/iconic/dist/hospital/blog-post.html]
[wrraptheme.com/templates/iconic/dist/hospital/blog-list.html]
[wrraptheme.com/templates/iconic/dist/hospital/blog-details.html]
[wrraptheme.com/templates/iconic/dist/hospital/file-dashboard.html]
[wrraptheme.com/templates/iconic/dist/hospital/file-documents.html]
[wrraptheme.com/templates/iconic/dist/hospital/file-media.html]
[wrraptheme.com/templates/iconic/dist/hospital/file-images.html]
[wrraptheme.com/templates/iconic/dist/hospital/our-centres.html]
[wrraptheme.com/templates/iconic/dist/hospital/page-register.html]
[wrraptheme.com/templates/iconic/dist/hospital/page-lockscreen.html]
[wrraptheme.com/templates/iconic/dist/hospital/page-forgot-password.html]
[wrraptheme.com/templates/iconic/dist/hospital/page-404.html]
[wrraptheme.com/templates/iconic/dist/hospital/page-403.html]
[wrraptheme.com/templates/iconic/dist/hospital/page-500.html]
[wrraptheme.com/templates/iconic/dist/hospital/page-503.html]
[wrraptheme.com/templates/iconic/dist/hospital/page-blank.html]
[wrraptheme.com/templates/iconic/dist/hospital/page-profile.html]
[wrraptheme.com/templates/iconic/dist/hospital/page-gallery.html]
[wrraptheme.com/templates/iconic/dist/hospital/page-timeline.html]
[wrraptheme.com/templates/iconic/dist/hospital/page-pricing.html]
[wrraptheme.com/templates/iconic/dist/hospital/page-search-results.html]
[wrraptheme.com/templates/iconic/dist/hospital/page-maintenance.html]
[wrraptheme.com/templates/iconic/dist/hospital/page-testimonials.html]
[wrraptheme.com/templates/iconic/dist/hospital/page-faq.html]
[wrraptheme.com/templates/iconic/dist/hospital/app-calendar.html]
[wrraptheme.com/templates/iconic/js/hospital/index.js]
[wrraptheme.com/templates/iconic/dist/hospital/index.html]
[wrraptheme.com/templates/iconic/dist/hr/favicon.ico]
[wrraptheme.com/templates/iconic/dist/assets/vendor/chartist/css/chartist.min.css]
[wrraptheme.com/templates/iconic/dist/assets/vendor/chartist-plugin-tooltip/chartist-plugin-tooltip.css]
[wrraptheme.com/templates/iconic/dist/hr/page-login.html]
[wrraptheme.com/templates/iconic/dist/hr/app-inbox.html]
[wrraptheme.com/templates/iconic/dist/hr/app-holidays.html]
[wrraptheme.com/templates/iconic/dist/hr/app-events.html]
[wrraptheme.com/templates/iconic/dist/hr/app-activities.html]
[wrraptheme.com/templates/iconic/dist/hr/app-social.html]
[wrraptheme.com/templates/iconic/dist/hr/emp-all.html]
[wrraptheme.com/templates/iconic/dist/hr/emp-leave.html]
[wrraptheme.com/templates/iconic/dist/hr/emp-attendance.html]
[wrraptheme.com/templates/iconic/dist/hr/emp-departments.html]
[wrraptheme.com/templates/iconic/dist/hr/acc-payments.html]
[wrraptheme.com/templates/iconic/dist/hr/acc-expenses.html]
[wrraptheme.com/templates/iconic/dist/hr/acc-invoices.html]
[wrraptheme.com/templates/iconic/dist/hr/payroll-payslip.html]
[wrraptheme.com/templates/iconic/dist/hr/payroll-salary.html]
[wrraptheme.com/templates/iconic/dist/hr/report-expense.html]
[wrraptheme.com/templates/iconic/dist/hr/report-invoice.html]
[wrraptheme.com/templates/iconic/dist/hr/app-users.html]
[wrraptheme.com/templates/iconic/dist/hr/page-register.html]
[wrraptheme.com/templates/iconic/dist/hr/page-lockscreen.html]
[wrraptheme.com/templates/iconic/dist/hr/page-forgot-password.html]
[wrraptheme.com/templates/iconic/dist/hr/page-404.html]
[wrraptheme.com/templates/iconic/dist/hr/page-403.html]
[wrraptheme.com/templates/iconic/dist/hr/page-500.html]
[wrraptheme.com/templates/iconic/dist/hr/page-503.html]
[wrraptheme.com/templates/iconic/dist/hr/index2.html]
[wrraptheme.com/templates/iconic/dist/hr/app-chat.html]
[wrraptheme.com/templates/iconic/dist/hr/project-add.html]
[wrraptheme.com/templates/iconic/dist/hr/project-list.html]
[wrraptheme.com/templates/iconic/dist/hr/project-grid.html]
[wrraptheme.com/templates/iconic/dist/hr/project-detail.html]
[wrraptheme.com/templates/iconic/dist/hr/client-add.html]
[wrraptheme.com/templates/iconic/dist/hr/client-list.html]
[wrraptheme.com/templates/iconic/dist/hr/client-detail.html]
[wrraptheme.com/templates/iconic/dist/hr/project-team.html]
[wrraptheme.com/templates/iconic/dist/hr/app-taskboard.html]
[wrraptheme.com/templates/iconic/dist/hr/app-tickets.html]
[wrraptheme.com/templates/iconic/dist/assets/bundles/chartist.bundle.js]
[wrraptheme.com/templates/iconic/js/hr/index.js]
[wrraptheme.com/templates/iconic/dist/hr/index.html]
[wrraptheme.com/templates/iconic/dist/university/favicon.ico]
[wrraptheme.com/templates/iconic/dist/university/page-login.html]
[wrraptheme.com/templates/iconic/dist/university/app-inbox.html]
[wrraptheme.com/templates/iconic/dist/university/events.html]
[wrraptheme.com/templates/iconic/dist/university/app-chat.html]
[wrraptheme.com/templates/iconic/dist/university/app-contact.html]
[wrraptheme.com/templates/iconic/dist/university/professors-add.html]
[wrraptheme.com/templates/iconic/dist/university/professors-list.html]
[wrraptheme.com/templates/iconic/dist/university/professors-profile.html]
[wrraptheme.com/templates/iconic/dist/university/professors-leave.html]
[wrraptheme.com/templates/iconic/dist/university/attendance.html]
[wrraptheme.com/templates/iconic/dist/university/noticeboard.html]
[wrraptheme.com/templates/iconic/dist/university/students-add.html]
[wrraptheme.com/templates/iconic/dist/university/students-list.html]
[wrraptheme.com/templates/iconic/dist/university/students-profile.html]
[wrraptheme.com/templates/iconic/dist/university/parents-add.html]
[wrraptheme.com/templates/iconic/dist/university/parents-list.html]
[wrraptheme.com/templates/iconic/dist/university/hostel.html]
[wrraptheme.com/templates/iconic/dist/university/transport.html]
[wrraptheme.com/templates/iconic/dist/university/departments.html]
[wrraptheme.com/templates/iconic/dist/university/course-list.html]
[wrraptheme.com/templates/iconic/dist/university/course-add.html]
[wrraptheme.com/templates/iconic/dist/university/course-info.html]
[wrraptheme.com/templates/iconic/dist/university/library.html]
[wrraptheme.com/templates/iconic/dist/university/classroom.html]
[wrraptheme.com/templates/iconic/dist/university/payments.html]
[wrraptheme.com/templates/iconic/dist/university/payments-add.html]
[wrraptheme.com/templates/iconic/dist/university/payments-invoice.html]
[wrraptheme.com/templates/iconic/dist/university/our-centres.html]
[wrraptheme.com/templates/iconic/dist/university/file-dashboard.html]
[wrraptheme.com/templates/iconic/dist/university/file-documents.html]
[wrraptheme.com/templates/iconic/dist/university/file-media.html]
[wrraptheme.com/templates/iconic/dist/university/file-images.html]
[wrraptheme.com/templates/iconic/dist/university/page-register.html]
[wrraptheme.com/templates/iconic/dist/university/page-lockscreen.html]
[wrraptheme.com/templates/iconic/dist/university/page-forgot-password.html]
[wrraptheme.com/templates/iconic/dist/university/page-404.html]
[wrraptheme.com/templates/iconic/dist/university/page-403.html]
[wrraptheme.com/templates/iconic/dist/university/page-500.html]
[wrraptheme.com/templates/iconic/dist/university/page-503.html]
[wrraptheme.com/templates/iconic/dist/university/page-blank.html]
[wrraptheme.com/templates/iconic/dist/university/page-profile.html]
[wrraptheme.com/templates/iconic/dist/university/page-gallery.html]
[wrraptheme.com/templates/iconic/dist/university/page-timeline.html]
[wrraptheme.com/templates/iconic/dist/university/page-pricing.html]
[wrraptheme.com/templates/iconic/dist/university/page-search-results.html]
[wrraptheme.com/templates/iconic/dist/university/page-maintenance.html]
[wrraptheme.com/templates/iconic/dist/university/page-testimonials.html]
[wrraptheme.com/templates/iconic/dist/university/page-faq.html]
[wrraptheme.com/templates/iconic/dist/university/app-calendar.html]
[wrraptheme.com/templates/iconic/js/university/index.js]
[wrraptheme.com/templates/iconic/dist/university/index.html]
[wrraptheme.com/templates/iconic/dist/realestate/favicon.ico]
[wrraptheme.com/templates/iconic/dist/realestate/page-login.html]
[wrraptheme.com/templates/iconic/dist/realestate/app-inbox.html]
[wrraptheme.com/templates/iconic/dist/realestate/app-chat.html]
[wrraptheme.com/templates/iconic/dist/realestate/app-contact.html]
[wrraptheme.com/templates/iconic/dist/realestate/agent-dashboard.html]
[wrraptheme.com/templates/iconic/dist/realestate/agent-add.html]
[wrraptheme.com/templates/iconic/dist/realestate/agent-list.html]
[wrraptheme.com/templates/iconic/dist/realestate/agent-profile.html]
[wrraptheme.com/templates/iconic/dist/realestate/agent-gallery.html]
[wrraptheme.com/templates/iconic/dist/realestate/agent-activity.html]
[wrraptheme.com/templates/iconic/dist/realestate/agent-invoices.html]
[wrraptheme.com/templates/iconic/dist/realestate/agencies.html]
[wrraptheme.com/templates/iconic/dist/realestate/property-add.html]
[wrraptheme.com/templates/iconic/dist/realestate/property-list.html]
[wrraptheme.com/templates/iconic/dist/realestate/property-grid.html]
[wrraptheme.com/templates/iconic/dist/realestate/property-detail.html]
[wrraptheme.com/templates/iconic/dist/realestate/type-apartment.html]
[wrraptheme.com/templates/iconic/dist/realestate/type-office.html]
[wrraptheme.com/templates/iconic/dist/realestate/type-shop.html]
[wrraptheme.com/templates/iconic/dist/realestate/type-bungalows.html]
[wrraptheme.com/templates/iconic/dist/realestate/our-centres.html]
[wrraptheme.com/templates/iconic/dist/realestate/file-dashboard.html]
[wrraptheme.com/templates/iconic/dist/realestate/file-documents.html]
[wrraptheme.com/templates/iconic/dist/realestate/file-media.html]
[wrraptheme.com/templates/iconic/dist/realestate/file-images.html]
[wrraptheme.com/templates/iconic/dist/realestate/page-register.html]
[wrraptheme.com/templates/iconic/dist/realestate/page-lockscreen.html]
[wrraptheme.com/templates/iconic/dist/realestate/page-forgot-password.html]
[wrraptheme.com/templates/iconic/dist/realestate/page-404.html]
[wrraptheme.com/templates/iconic/dist/realestate/page-403.html]
[wrraptheme.com/templates/iconic/dist/realestate/page-500.html]
[wrraptheme.com/templates/iconic/dist/realestate/page-503.html]
[wrraptheme.com/templates/iconic/dist/realestate/page-blank.html]
[wrraptheme.com/templates/iconic/dist/realestate/page-profile.html]
[wrraptheme.com/templates/iconic/dist/realestate/page-gallery.html]
[wrraptheme.com/templates/iconic/dist/realestate/page-timeline.html]
[wrraptheme.com/templates/iconic/dist/realestate/page-pricing.html]
[wrraptheme.com/templates/iconic/dist/realestate/page-search-results.html]
[wrraptheme.com/templates/iconic/dist/realestate/page-maintenance.html]
[wrraptheme.com/templates/iconic/dist/realestate/page-testimonials.html]
[wrraptheme.com/templates/iconic/dist/realestate/page-faq.html]
[wrraptheme.com/templates/iconic/dist/realestate/blog-list.html]
[wrraptheme.com/templates/iconic/js/realestate/index.js]
[wrraptheme.com/templates/iconic/dist/realestate/index.html]
[wrraptheme.com/templates/iconic/dist/assets/css/chatapp.css]
[wrraptheme.com/templates/iconic/dist/assets/bundles/easypiechart.bundle.js]
[wrraptheme.com/templates/iconic/dist/app-chat.html]
[wrraptheme.com/templates/iconic/dist/assets/vendor/fullcalendar/fullcalendar.min.css]
[wrraptheme.com/templates/iconic/dist/assets/bundles/fullcalendarscripts.bundle.js]
[wrraptheme.com/templates/iconic/js/pages/calendar.js]
[wrraptheme.com/templates/iconic/dist/app-calendar.html]
[wrraptheme.com/templates/iconic/dist/app-contact.html]
[wrraptheme.com/templates/iconic/dist/assets/images/sm/avatar2.jpg]
[wrraptheme.com/templates/iconic/dist/assets/vendor/fullcalendar/fullcalendar.js]
[wrraptheme.com/templates/iconic/dist/assets/images/sm/avatar3.jpg]
[wrraptheme.com/templates/iconic/dist/assets/images/sm/avatar4.jpg]
[wrraptheme.com/templates/iconic/dist/assets/images/sm/avatar5.jpg]
[wrraptheme.com/templates/iconic/dist/app-contact-grid.html]
[wrraptheme.com/templates/iconic/dist/app-taskboard.html]
[wrraptheme.com/templates/iconic/dist/assets/vendor/morrisjs/morris.css]
[wrraptheme.com/templates/iconic/js/pages/blog.js]
[wrraptheme.com/templates/iconic/dist/blog-dashboard.html]
[wrraptheme.com/templates/iconic/dist/assets/vendor/summernote/dist/summernote.css]
[wrraptheme.com/templates/iconic/dist/blog-post.html]
[wrraptheme.com/templates/iconic/dist/assets/vendor/summernote/dist/summernote.js]
[wrraptheme.com/templates/iconic/dist/assets/images/blog/blog-page-3.jpg]
[wrraptheme.com/templates/iconic/dist/assets/images/blog/blog-page-4.jpg]
[wrraptheme.com/templates/iconic/dist/assets/images/blog/05-img.jpg]
[wrraptheme.com/templates/iconic/dist/assets/images/blog/06-img.jpg]
[wrraptheme.com/templates/iconic/dist/assets/images/blog/07-img.jpg]
[wrraptheme.com/templates/iconic/dist/assets/images/blog/08-img.jpg]
[wrraptheme.com/templates/iconic/dist/assets/images/blog/09-img.jpg]
[wrraptheme.com/templates/iconic/dist/assets/images/blog/10-img.jpg]
[wrraptheme.com/templates/iconic/dist/assets/images/blog/11-img.jpg]
[wrraptheme.com/templates/iconic/dist/assets/images/blog/12-img.jpg]
[wrraptheme.com/templates/iconic/dist/assets/images/blog/13-img.jpg]
[wrraptheme.com/templates/iconic/dist/blog-list.html]
[wrraptheme.com/templates/iconic/dist/blog-details.html]
[wrraptheme.com/templates/iconic/dist/assets/bundles/morrisscripts.bundle.js]
[wrraptheme.com/templates/iconic/js/pages/file/filemanager.js]
[wrraptheme.com/templates/iconic/dist/file-dashboard.html]
[wrraptheme.com/templates/iconic/dist/file-documents.html]
[wrraptheme.com/templates/iconic/dist/file-media.html]
[wrraptheme.com/templates/iconic/dist/assets/images/image-gallery/5.jpg]
[wrraptheme.com/templates/iconic/dist/assets/images/image-gallery/8.jpg]
[wrraptheme.com/templates/iconic/dist/assets/images/image-gallery/9.jpg]
[wrraptheme.com/templates/iconic/dist/assets/images/image-gallery/3.jpg]
[wrraptheme.com/templates/iconic/dist/assets/images/image-gallery/4.jpg]
[wrraptheme.com/templates/iconic/dist/assets/images/image-gallery/1.jpg]
[wrraptheme.com/templates/iconic/dist/assets/images/image-gallery/2.jpg]
[wrraptheme.com/templates/iconic/dist/assets/images/image-gallery/10.jpg]
[wrraptheme.com/templates/iconic/dist/assets/images/image-gallery/11.jpg]
[wrraptheme.com/templates/iconic/dist/assets/images/image-gallery/12.jpg]
[wrraptheme.com/templates/iconic/dist/assets/images/image-gallery/13.jpg]
[wrraptheme.com/templates/iconic/dist/assets/images/image-gallery/14.jpg]
[wrraptheme.com/templates/iconic/dist/assets/images/image-gallery/15.jpg]
[wrraptheme.com/templates/iconic/dist/file-images.html]
[wrraptheme.com/templates/iconic/js/widgets/infobox/infobox-1.js]
[wrraptheme.com/templates/iconic/dist/widgets-statistics.html]
[wrraptheme.com/templates/iconic/dist/assets/images/space-ship.png]
[wrraptheme.com/templates/iconic/dist/widgets-data.html]
[wrraptheme.com/templates/iconic/dist/assets/vendor/morrisjs/morris.min.css]
[wrraptheme.com/templates/iconic/dist/assets/bundles/flotscripts.bundle.js]
[wrraptheme.com/templates/iconic/dist/assets/vendor/flot-charts/jquery.flot.selection.js]
[wrraptheme.com/templates/iconic/js/pages/charts/chart-widgets.js]
[wrraptheme.com/templates/iconic/dist/widgets-chart.html]
[wrraptheme.com/templates/iconic/dist/widgets-weather.html]
[wrraptheme.com/templates/iconic/dist/assets/images/lg/avatar2.jpg]
[wrraptheme.com/templates/iconic/dist/widgets-social.html]
[wrraptheme.com/templates/iconic/dist/widgets-blog.html]
[wrraptheme.com/templates/iconic/dist/assets/css/ecommerce.css]
[wrraptheme.com/templates/iconic/dist/assets/images/ecommerce/1.png]
[wrraptheme.com/templates/iconic/dist/assets/images/ecommerce/wireless-red-quarter.jpg]
[wrraptheme.com/templates/iconic/dist/assets/images/ecommerce/Canon-70-200mm.jpg]
[wrraptheme.com/templates/iconic/dist/assets/images/ecommerce/mastercard.png]
[wrraptheme.com/templates/iconic/dist/assets/images/ecommerce/visa-card.png]
[wrraptheme.com/templates/iconic/dist/assets/images/ecommerce/paypal.png]
[wrraptheme.com/templates/iconic/dist/assets/images/ecommerce/10.png]
[wrraptheme.com/templates/iconic/dist/assets/images/ecommerce/11.png]
[wrraptheme.com/templates/iconic/dist/assets/images/ecommerce/5.png]
[wrraptheme.com/templates/iconic/dist/assets/images/ecommerce/2.png]
[wrraptheme.com/templates/iconic/dist/assets/images/ecommerce/3.png]
[wrraptheme.com/templates/iconic/dist/assets/images/ecommerce/4.png]
[wrraptheme.com/templates/iconic/dist/widgets-ecommerce.html]
[wrraptheme.com/templates/iconic/dist/ui-typography.html]
[wrraptheme.com/templates/iconic/dist/ui-tabs.html]
[wrraptheme.com/templates/iconic/dist/ui-buttons.html]
[wrraptheme.com/templates/iconic/dist/ui-bootstrap.html]
[wrraptheme.com/templates/iconic/dist/ui-icons.html]
[wrraptheme.com/templates/iconic/dist/ui-notifications.html]
[wrraptheme.com/templates/iconic/dist/ui-colors.html]
[wrraptheme.com/templates/iconic/dist/ui-dialogs.html]
[wrraptheme.com/templates/iconic/dist/ui-list-group.html]
[wrraptheme.com/templates/iconic/dist/ui-media-object.html]
[wrraptheme.com/templates/iconic/dist/assets/images/model1.jpg]
[wrraptheme.com/templates/iconic/dist/assets/images/model2.jpg]
[wrraptheme.com/templates/iconic/dist/assets/images/model3.jpg]
[wrraptheme.com/templates/iconic/dist/ui-modals.html]
[wrraptheme.com/templates/iconic/dist/ui-nestable.html]
[wrraptheme.com/templates/iconic/dist/assets/vendor/bootstrap-progressbar/js/bootstrap-progressbar.min.js]
[wrraptheme.com/templates/iconic/dist/ui-progressbars.html]
[wrraptheme.com/templates/iconic/dist/assets/vendor/rangeslider/css/ion.rangeSlider.css]
[wrraptheme.com/templates/iconic/dist/assets/vendor/rangeslider/css/ion.rangeSlider.skinFlat.css]
[wrraptheme.com/templates/iconic/dist/assets/vendor/material-rangeslider/style.css]
[wrraptheme.com/templates/iconic/dist/assets/vendor/roundslider/roundslider.min.css]
[wrraptheme.com/templates/iconic/dist/assets/vendor/roundslider/style.css]
[wrraptheme.com/templates/iconic/dist/assets/vendor/rangeslider/js/ion.rangeSlider.js]
[wrraptheme.com/templates/iconic/dist/assets/vendor/roundslider/roundslider.min.js]
[wrraptheme.com/templates/iconic/js/pages/range-sliders.js]
[wrraptheme.com/templates/iconic/dist/assets/vendor/material-rangeslider/mrange.js]
[wrraptheme.com/templates/iconic/dist/assets/vendor/roundslider/custom.js]
[wrraptheme.com/templates/iconic/dist/ui-range-sliders.html]
[wrraptheme.com/templates/iconic/dist/assets/vendor/bootstrap-treeview/bootstrap-treeview.min.css]
[wrraptheme.com/templates/iconic/dist/assets/vendor/jstree/themes/default/style.min.css]
[wrraptheme.com/templates/iconic/dist/assets/vendor/bootstrap-treeview/bootstrap-treeview.min.js]
[wrraptheme.com/templates/iconic/dist/assets/vendor/jstree/jstree.min.js]
[wrraptheme.com/templates/iconic/js/pages/treeview/jstree.js]
[wrraptheme.com/templates/iconic/js/pages/treeview/bootstrap-treeview.js]
[wrraptheme.com/templates/iconic/dist/ui-treeview.html]
[wrraptheme.com/templates/iconic/dist/chart-apex.html]
[wrraptheme.com/templates/iconic/js/pages/charts/apex.js]
[wrraptheme.com/templates/iconic/js/pages/charts/c3.js]
[wrraptheme.com/templates/iconic/dist/chart-c3.html]
[wrraptheme.com/templates/iconic/js/pages/charts/morris.js]
[wrraptheme.com/templates/iconic/dist/chart-morris.html]
[wrraptheme.com/templates/iconic/dist/assets/vendor/flot-charts/jquery.flot.time.js]
[wrraptheme.com/templates/iconic/dist/chart-flot.html]
[wrraptheme.com/templates/iconic/js/pages/charts/flot.js]
[wrraptheme.com/templates/iconic/dist/assets/vendor/chartist/polar_area_chart.js]
[wrraptheme.com/templates/iconic/js/pages/charts/chartjs.js]
[wrraptheme.com/templates/iconic/dist/chart-chartjs.html]
[wrraptheme.com/templates/iconic/dist/assets/vendor/jquery-knob/jquery.knob.min.js]
[wrraptheme.com/templates/iconic/js/pages/charts/jquery-knob.js]
[wrraptheme.com/templates/iconic/dist/chart-jquery-knob.html]
[wrraptheme.com/templates/iconic/dist/assets/vendor/jquery-sparkline/js/jquery.sparkline.min.js]
[wrraptheme.com/templates/iconic/js/pages/charts/sparkline.js]
[wrraptheme.com/templates/iconic/dist/chart-sparkline.html]
[wrraptheme.com/templates/iconic/js/pages/charts/peity_chart.js]
[wrraptheme.com/templates/iconic/dist/chart-peity.html]
[wrraptheme.com/templates/iconic/dist/assets/vendor/gauge/gauge.min.js]
[wrraptheme.com/templates/iconic/js/pages/charts/gauge.js]
[wrraptheme.com/templates/iconic/dist/chart-gauges.html]
[wrraptheme.com/templates/iconic/dist/assets/vendor/bootstrap-multiselect/bootstrap-multiselect.css]
[wrraptheme.com/templates/iconic/dist/assets/vendor/parsleyjs/css/parsley.css]
[wrraptheme.com/templates/iconic/dist/assets/vendor/bootstrap-multiselect/bootstrap-multiselect.js]
[wrraptheme.com/templates/iconic/dist/forms-validation.html]
[wrraptheme.com/templates/iconic/dist/assets/vendor/parsleyjs/js/parsley.min.js]
[wrraptheme.com/templates/iconic/dist/assets/vendor/bootstrap-colorpicker/css/bootstrap-colorpicker.css]
[wrraptheme.com/templates/iconic/dist/assets/vendor/multi-select/css/multi-select.css]
[wrraptheme.com/templates/iconic/dist/assets/vendor/bootstrap-tagsinput/bootstrap-tagsinput.css]
[wrraptheme.com/templates/iconic/dist/assets/vendor/nouislider/nouislider.min.css]
[wrraptheme.com/templates/iconic/dist/assets/vendor/bootstrap-colorpicker/js/bootstrap-colorpicker.js]
[wrraptheme.com/templates/iconic/dist/assets/vendor/jquery-inputmask/jquery.inputmask.bundle.js]
[wrraptheme.com/templates/iconic/dist/assets/vendor/jquery.maskedinput/jquery.maskedinput.min.js]
[wrraptheme.com/templates/iconic/dist/assets/vendor/multi-select/js/jquery.multi-select.js]
[wrraptheme.com/templates/iconic/dist/assets/vendor/bootstrap-tagsinput/bootstrap-tagsinput.js]
[wrraptheme.com/templates/iconic/dist/assets/vendor/nouislider/nouislider.js]
[wrraptheme.com/templates/iconic/js/pages/forms/advanced-form-elements.js]
[wrraptheme.com/templates/iconic/dist/forms-advanced.html]
[wrraptheme.com/templates/iconic/dist/forms-basic.html]
[wrraptheme.com/templates/iconic/dist/assets/vendor/jquery-validation/jquery.validate.js]
[wrraptheme.com/templates/iconic/dist/assets/vendor/jquery-steps/jquery.steps.js]
[wrraptheme.com/templates/iconic/js/pages/forms/form-wizard.js]
[wrraptheme.com/templates/iconic/dist/forms-wizard.html]
[wrraptheme.com/templates/iconic/dist/assets/vendor/dropify/css/dropify.min.css]
[wrraptheme.com/templates/iconic/dist/assets/vendor/dropify/js/dropify.min.js]
[wrraptheme.com/templates/iconic/js/pages/forms/dropify.js]
[wrraptheme.com/templates/iconic/dist/forms-dragdropupload.html]
[wrraptheme.com/templates/iconic/dist/assets/vendor/cropper/cropper.min.css]
[wrraptheme.com/templates/iconic/dist/assets/vendor/cropper/cropper.min.js]
[wrraptheme.com/templates/iconic/dist/assets/vendor/cropper/cropper-init.js]
[wrraptheme.com/templates/iconic/dist/forms-cropping.html]
[wrraptheme.com/templates/iconic/dist/forms-summernote.html]
[wrraptheme.com/templates/iconic/js/pages/forms/editors.js]
[wrraptheme.com/templates/iconic/dist/forms-editors.html]
[wrraptheme.com/templates/iconic/dist/assets/vendor/ckeditor/ckeditor.js]
[wrraptheme.com/templates/iconic/dist/assets/vendor/bootstrap-markdown/bootstrap-markdown.min.css]
[wrraptheme.com/templates/iconic/dist/assets/vendor/markdown/markdown.js]
[wrraptheme.com/templates/iconic/dist/assets/vendor/to-markdown/to-markdown.js]
[wrraptheme.com/templates/iconic/dist/forms-markdown.html]
[wrraptheme.com/templates/iconic/dist/table-basic.html]
[wrraptheme.com/templates/iconic/dist/table-normal.html]
[wrraptheme.com/templates/iconic/dist/assets/vendor/bootstrap-markdown/bootstrap-markdown.js]
[wrraptheme.com/templates/iconic/dist/assets/vendor/jquery-datatable/fixedeader/dataTables.fixedcolumns.bootstrap4.min.css]
[wrraptheme.com/templates/iconic/dist/assets/vendor/jquery-datatable/fixedeader/dataTables.fixedheader.bootstrap4.min.css]
[wrraptheme.com/templates/iconic/dist/assets/images/details_open.png]
[wrraptheme.com/templates/iconic/dist/assets/images/details_close.png]
[wrraptheme.com/templates/iconic/dist/assets/vendor/jquery-datatable/buttons/dataTables.buttons.min.js]
[wrraptheme.com/templates/iconic/dist/assets/vendor/jquery-datatable/buttons/buttons.bootstrap4.min.js]
[wrraptheme.com/templates/iconic/dist/assets/vendor/jquery-datatable/buttons/buttons.colVis.min.js]
[wrraptheme.com/templates/iconic/dist/assets/vendor/jquery-datatable/buttons/buttons.html5.min.js]
[wrraptheme.com/templates/iconic/dist/assets/vendor/jquery-datatable/buttons/buttons.print.min.js]
[wrraptheme.com/templates/iconic/dist/table-jquery-datatable.html]
[wrraptheme.com/templates/iconic/dist/assets/vendor/editable-table/mindmup-editabletable.js]
[wrraptheme.com/templates/iconic/js/pages/tables/editable-table.js]
[wrraptheme.com/templates/iconic/dist/table-editable.html]
[wrraptheme.com/templates/iconic/dist/table-color.html]
[wrraptheme.com/templates/iconic/dist/table-filter.html]
[wrraptheme.com/templates/iconic/dist/assets/vendor/table-dragger/table-dragger.min.css]
[wrraptheme.com/templates/iconic/dist/table-dragger.html]
[wrraptheme.com/templates/iconic/dist/page-register.html]
[wrraptheme.com/templates/iconic/dist/assets/vendor/table-dragger/table-dragger.min.js]
[wrraptheme.com/templates/iconic/dist/assets/images/user-small.png]
[wrraptheme.com/templates/iconic/dist/page-lockscreen.html]
[wrraptheme.com/templates/iconic/dist/page-forgot-password.html]
[wrraptheme.com/templates/iconic/dist/page-404.html]
[wrraptheme.com/templates/iconic/dist/page-403.html]
[wrraptheme.com/templates/iconic/dist/page-500.html]
[wrraptheme.com/templates/iconic/dist/page-503.html]
[wrraptheme.com/templates/iconic/dist/page-blank.html]
[wrraptheme.com/templates/iconic/dist/page-profile.html]
[wrraptheme.com/templates/iconic/dist/assets/images/image-gallery/6.jpg]
[wrraptheme.com/templates/iconic/dist/assets/images/image-gallery/7.jpg]
[wrraptheme.com/templates/iconic/dist/assets/vendor/LightboxGallery/mauGallery.min.js]
[wrraptheme.com/templates/iconic/dist/assets/vendor/LightboxGallery/scripts.js]
[wrraptheme.com/templates/iconic/dist/page-gallery.html]
[wrraptheme.com/templates/iconic/dist/assets/vendor/light-gallery/css/lightgallery.css]
[wrraptheme.com/templates/iconic/dist/assets/vendor/light-gallery/js/lightgallery-all.min.js]
[wrraptheme.com/templates/iconic/js/pages/medias/image-gallery.js]
[wrraptheme.com/templates/iconic/dist/page-gallery2.html]
[wrraptheme.com/templates/iconic/dist/page-timeline.html]
[wrraptheme.com/templates/iconic/dist/assets/vendor/horizontal-timeline/css/horizontal-timeline.css]
[wrraptheme.com/templates/iconic/dist/assets/images/sm/avatar6.jpg]
[wrraptheme.com/templates/iconic/dist/assets/vendor/horizontal-timeline/js/horizontal-timeline.js]
[wrraptheme.com/templates/iconic/dist/page-timeline-h.html]
[wrraptheme.com/templates/iconic/dist/assets/images/paper-plane.png]
[wrraptheme.com/templates/iconic/dist/assets/images/plane.png]
[wrraptheme.com/templates/iconic/dist/page-pricing.html]
[wrraptheme.com/templates/iconic/dist/page-invoices.html]
[wrraptheme.com/templates/iconic/dist/page-invoices2.html]
[wrraptheme.com/templates/iconic/dist/page-search-results.html]
[wrraptheme.com/templates/iconic/dist/page-helper-class.html]
[wrraptheme.com/templates/iconic/dist/page-teams-board.html]
[wrraptheme.com/templates/iconic/dist/page-projects-list.html]
[wrraptheme.com/templates/iconic/dist/page-maintenance.html]
[wrraptheme.com/templates/iconic/dist/page-testimonials.html]
[wrraptheme.com/templates/iconic/dist/page-faq.html]
[wrraptheme.com/templates/iconic/dist/assets/vendor/gmaps/gmaps.js]
[wrraptheme.com/templates/iconic/js/pages/maps/google.js]
[wrraptheme.com/templates/iconic/dist/map-google.html]
[wrraptheme.com/templates/iconic/dist/map-yandex.html]
[wrraptheme.com/templates/iconic/dist/assets/vendor/jvectormap/jquery-jvectormap-2.0.3.css]
[wrraptheme.com/templates/iconic/dist/assets/vendor/jvectormap/jquery-jvectormap-world-mill-en.js]
[wrraptheme.com/templates/iconic/dist/assets/vendor/jvectormap/jquery-jvectormap-in-mill.js]
[wrraptheme.com/templates/iconic/dist/assets/vendor/jvectormap/jquery-jvectormap-us-aea-en.js]
[wrraptheme.com/templates/iconic/dist/assets/vendor/jvectormap/jquery-jvectormap-uk-mill-en.js]
[wrraptheme.com/templates/iconic/dist/assets/vendor/jvectormap/jquery-jvectormap-au-mill.js]
[wrraptheme.com/templates/iconic/js/pages/maps/jvectormap.js]
[wrraptheme.com/templates/iconic/dist/map-jvectormap.html]
[wrraptheme.com/templates/iconic/dist/assets/vendor/font-awesome/fonts/fontawesome-webfont3e6e.svg]
[wrraptheme.com/templates/iconic/dist/assets/vendor/toastr/toastr.min.css]
[wrraptheme.com/templates/iconic/dist/assets/images/logo-white.svg]
[wrraptheme.com/templates/iconic/dist/assets/vendor/bootstrap-datepicker/css/bootstrap-datepicker3.min.css]
[wrraptheme.com/templates/iconic/dist/assets/css/blog.css]
[wrraptheme.com/templates/iconic/dist/assets/vendor/sweetalert/sweetalert.css]
[wrraptheme.com/templates/iconic/dist/assets/css/inbox.css]
[wrraptheme.com/templates/iconic/dist/app-compose.html]
[wrraptheme.com/templates/iconic/dist/assets/images/logo.svg]
[wrraptheme.com/templates/iconic/dist/assets/css/h-menu.css]
[wrraptheme.com/templates/iconic/dist/assets/vendor/jvectormap/jquery-jvectormap-2.0.3.min.css]
[wrraptheme.com/templates/iconic/dist/assets/vendor/bootstrap-progressbar/css/bootstrap-progressbar-3.3.4.min.css]
[wrraptheme.com/templates/iconic/dist/assets/vendor/nestable/jquery-nestable.css]
[wrraptheme.com/templates/iconic/dist/assets/vendor/jquery-datatable/dataTables.bootstrap4.min.css]
[wrraptheme.com/templates/iconic/dist/assets/images/coin/BTC.svg]
[wrraptheme.com/templates/iconic/dist/assets/images/coin/ETH.svg]
[wrraptheme.com/templates/iconic/dist/assets/images/coin/XRP.svg]
[wrraptheme.com/templates/iconic/dist/assets/images/coin/neo.svg]
[wrraptheme.com/templates/iconic/dist/assets/images/coin/qtum.svg]
[wrraptheme.com/templates/iconic/dist/assets/images/coin/stellar.svg]
[wrraptheme.com/templates/iconic/dist/assets/images/coin/ETC.svg]
[wrraptheme.com/templates/iconic/dist/assets/images/coin/LTC.svg]
[wrraptheme.com/templates/iconic/dist/assets/images/coin/DASH.svg]
[wrraptheme.com/templates/iconic/dist/hospital/page-login.html]
[wrraptheme.com/templates/iconic/dist/hospital/doctor-profile.html]
[wrraptheme.com/templates/iconic/dist/hospital/app-compose.html]
[wrraptheme.com/templates/iconic/dist/hospital/app-inbox.html]
[wrraptheme.com/templates/iconic/js/hospital/index-covid.js]
[wrraptheme.com/templates/iconic/dist/hospital/index-covid.html]
[wrraptheme.com/templates/iconic/js/hospital/index-doctor.js]
[wrraptheme.com/templates/iconic/dist/hospital/index-doctor.html]
[wrraptheme.com/templates/iconic/dist/hospital/doctor-all.html]
[wrraptheme.com/templates/iconic/dist/hospital/doctor-add.html]
[wrraptheme.com/templates/iconic/dist/hospital/doctor-events.html]
[wrraptheme.com/templates/iconic/js/hospital/index-patient.js]
[wrraptheme.com/templates/iconic/dist/hospital/index-patient.html]
[wrraptheme.com/templates/iconic/dist/hospital/patient-all.html]
[wrraptheme.com/templates/iconic/dist/hospital/patient-add.html]
[wrraptheme.com/templates/iconic/dist/hospital/patient-profile.html]
[wrraptheme.com/templates/iconic/dist/hospital/patient-invoice.html]
[wrraptheme.com/templates/iconic/dist/hospital/app-appointment.html]
[wrraptheme.com/templates/iconic/dist/hospital/app-taskboard.html]
[wrraptheme.com/templates/iconic/dist/hospital/app-chat.html]
[wrraptheme.com/templates/iconic/dist/hospital/app-contact-grid.html]
[wrraptheme.com/templates/iconic/dist/hospital/app-contact.html]
[wrraptheme.com/templates/iconic/dist/hospital/room-all.html]
[wrraptheme.com/templates/iconic/dist/hospital/room-add.html]
[wrraptheme.com/templates/iconic/dist/hospital/depa-add.html]
[wrraptheme.com/templates/iconic/dist/hospital/depa-all.html]
[wrraptheme.com/templates/iconic/dist/hospital/payments.html]
[wrraptheme.com/templates/iconic/dist/assets/images/mastercard.png]
[wrraptheme.com/templates/iconic/dist/assets/images/visa-card.png]
[wrraptheme.com/templates/iconic/dist/assets/images/paypal.png]
[wrraptheme.com/templates/iconic/dist/hospital/payments-add.html]
[wrraptheme.com/templates/iconic/dist/hospital/payments-invoice.html]
[wrraptheme.com/templates/iconic/dist/hospital/blog-dashboard.html]
[wrraptheme.com/templates/iconic/dist/hospital/blog-post.html]
[wrraptheme.com/templates/iconic/dist/hospital/blog-list.html]
[wrraptheme.com/templates/iconic/dist/hospital/blog-details.html]
[wrraptheme.com/templates/iconic/dist/hospital/file-dashboard.html]
[wrraptheme.com/templates/iconic/dist/hospital/file-documents.html]
[wrraptheme.com/templates/iconic/dist/hospital/file-media.html]
[wrraptheme.com/templates/iconic/dist/hospital/file-images.html]
[wrraptheme.com/templates/iconic/dist/hospital/our-centres.html]
[wrraptheme.com/templates/iconic/dist/hospital/page-register.html]
[wrraptheme.com/templates/iconic/dist/hospital/page-lockscreen.html]
[wrraptheme.com/templates/iconic/dist/hospital/page-forgot-password.html]
[wrraptheme.com/templates/iconic/dist/hospital/page-404.html]
[wrraptheme.com/templates/iconic/dist/hospital/page-403.html]
[wrraptheme.com/templates/iconic/dist/hospital/page-500.html]
[wrraptheme.com/templates/iconic/dist/hospital/page-503.html]
[wrraptheme.com/templates/iconic/dist/hospital/page-blank.html]
[wrraptheme.com/templates/iconic/dist/hospital/page-profile.html]
[wrraptheme.com/templates/iconic/dist/hospital/page-gallery.html]
[wrraptheme.com/templates/iconic/dist/hospital/page-timeline.html]
[wrraptheme.com/templates/iconic/dist/hospital/page-pricing.html]
[wrraptheme.com/templates/iconic/dist/hospital/page-search-results.html]
[wrraptheme.com/templates/iconic/dist/hospital/page-maintenance.html]
[wrraptheme.com/templates/iconic/dist/hospital/page-testimonials.html]
[wrraptheme.com/templates/iconic/dist/hospital/page-faq.html]
[wrraptheme.com/templates/iconic/dist/docs/index.html]
[wrraptheme.com/templates/iconic/dist/hospital/app-calendar.html]
[wrraptheme.com/templates/iconic/dist/assets/vendor/chartist/css/chartist.min.css]
[wrraptheme.com/templates/iconic/dist/assets/vendor/chartist-plugin-tooltip/chartist-plugin-tooltip.css]
[wrraptheme.com/templates/iconic/dist/hr/page-login.html]
[wrraptheme.com/templates/iconic/dist/hr/page-profile2.html]
[wrraptheme.com/templates/iconic/dist/hr/app-inbox.html]
[wrraptheme.com/templates/iconic/dist/hr/app-holidays.html]
[wrraptheme.com/templates/iconic/js/hr/calendar.js]
[wrraptheme.com/templates/iconic/dist/hr/app-events.html]
[wrraptheme.com/templates/iconic/dist/hr/app-activities.html]
[wrraptheme.com/templates/iconic/dist/hr/app-social.html]
[wrraptheme.com/templates/iconic/dist/hr/emp-all.html]
[wrraptheme.com/templates/iconic/dist/hr/emp-leave.html]
[wrraptheme.com/templates/iconic/dist/hr/emp-attendance.html]
[wrraptheme.com/templates/iconic/dist/hr/emp-departments.html]
[wrraptheme.com/templates/iconic/dist/hr/acc-payments.html]
[wrraptheme.com/templates/iconic/dist/hr/acc-expenses.html]
[wrraptheme.com/templates/iconic/dist/hr/acc-invoices.html]
[wrraptheme.com/templates/iconic/dist/hr/payroll-payslip.html]
[wrraptheme.com/templates/iconic/dist/hr/payroll-salary.html]
[wrraptheme.com/templates/iconic/dist/hr/report-expense.html]
[wrraptheme.com/templates/iconic/dist/hr/report-invoice.html]
[wrraptheme.com/templates/iconic/dist/hr/app-users.html]
[wrraptheme.com/templates/iconic/dist/hr/page-register.html]
[wrraptheme.com/templates/iconic/dist/hr/page-lockscreen.html]
[wrraptheme.com/templates/iconic/dist/hr/page-forgot-password.html]
[wrraptheme.com/templates/iconic/dist/hr/page-404.html]
[wrraptheme.com/templates/iconic/dist/hr/page-403.html]
[wrraptheme.com/templates/iconic/dist/hr/page-500.html]
[wrraptheme.com/templates/iconic/dist/hr/page-503.html]
[wrraptheme.com/templates/iconic/js/hr/index2.js]
[wrraptheme.com/templates/iconic/dist/hr/index2.html]
[wrraptheme.com/templates/iconic/dist/hr/app-chat.html]
[wrraptheme.com/templates/iconic/dist/hr/project-add.html]
[wrraptheme.com/templates/iconic/dist/hr/project-list.html]
[wrraptheme.com/templates/iconic/dist/assets/images/projects/01.png]
[wrraptheme.com/templates/iconic/dist/assets/images/projects/03.png]
[wrraptheme.com/templates/iconic/dist/assets/images/projects/02.png]
[wrraptheme.com/templates/iconic/dist/hr/project-grid.html]
[wrraptheme.com/templates/iconic/dist/hr/project-detail.html]
[wrraptheme.com/templates/iconic/dist/hr/client-add.html]
[wrraptheme.com/templates/iconic/dist/hr/client-list.html]
[wrraptheme.com/templates/iconic/dist/hr/client-detail.html]
[wrraptheme.com/templates/iconic/dist/hr/project-team.html]
[wrraptheme.com/templates/iconic/dist/hr/app-taskboard.html]
[wrraptheme.com/templates/iconic/dist/hr/app-tickets.html]
[wrraptheme.com/templates/iconic/dist/hr/app-calendar.html]
[wrraptheme.com/templates/iconic/dist/hr/file-dashboard.html]
[wrraptheme.com/templates/iconic/dist/hr/app-contact.html]
[wrraptheme.com/templates/iconic/dist/hr/blog-list.html]
[wrraptheme.com/templates/iconic/dist/university/page-login.html]
[wrraptheme.com/templates/iconic/dist/university/doctor-profile.html]
[wrraptheme.com/templates/iconic/dist/university/app-compose.html]
[wrraptheme.com/templates/iconic/dist/university/app-inbox.html]
[wrraptheme.com/templates/iconic/dist/university/events.html]
[wrraptheme.com/templates/iconic/dist/university/app-chat.html]
[wrraptheme.com/templates/iconic/dist/university/app-contact.html]
[wrraptheme.com/templates/iconic/dist/university/add-professors.html]
[wrraptheme.com/templates/iconic/dist/university/professors-add.html]
[wrraptheme.com/templates/iconic/dist/assets/images/lg/avatar1.jpg]
[wrraptheme.com/templates/iconic/dist/assets/images/lg/avatar3.jpg]
[wrraptheme.com/templates/iconic/dist/assets/images/lg/avatar4.jpg]
[wrraptheme.com/templates/iconic/dist/assets/images/lg/avatar5.jpg]
[wrraptheme.com/templates/iconic/dist/assets/images/lg/avatar6.jpg]
[wrraptheme.com/templates/iconic/dist/university/professors-list.html]
[wrraptheme.com/templates/iconic/dist/university/professors-profile.html]
[wrraptheme.com/templates/iconic/dist/university/professors-leave.html]
[wrraptheme.com/templates/iconic/dist/university/attendance.html]
[wrraptheme.com/templates/iconic/dist/university/noticeboard.html]
[wrraptheme.com/templates/iconic/dist/university/students-add.html]
[wrraptheme.com/templates/iconic/dist/university/students-list.html]
[wrraptheme.com/templates/iconic/dist/university/students-profile.html]
[wrraptheme.com/templates/iconic/dist/university/parents-add.html]
[wrraptheme.com/templates/iconic/dist/university/parents-list.html]
[wrraptheme.com/templates/iconic/dist/university/hostel.html]
[wrraptheme.com/templates/iconic/dist/university/transport.html]
[wrraptheme.com/templates/iconic/dist/university/departments.html]
[wrraptheme.com/templates/iconic/dist/university/course-list.html]
[wrraptheme.com/templates/iconic/dist/university/course-add.html]
[wrraptheme.com/templates/iconic/dist/university/course-info.html]
[wrraptheme.com/templates/iconic/dist/university/library.html]
[wrraptheme.com/templates/iconic/dist/university/classroom.html]
[wrraptheme.com/templates/iconic/dist/university/payments.html]
[wrraptheme.com/templates/iconic/dist/university/payments-add.html]
[wrraptheme.com/templates/iconic/dist/university/payments-invoice.html]
[wrraptheme.com/templates/iconic/dist/university/our-centres.html]
[wrraptheme.com/templates/iconic/dist/university/file-dashboard.html]
[wrraptheme.com/templates/iconic/dist/university/file-documents.html]
[wrraptheme.com/templates/iconic/dist/university/file-media.html]
[wrraptheme.com/templates/iconic/dist/university/file-images.html]
[wrraptheme.com/templates/iconic/dist/university/page-register.html]
[wrraptheme.com/templates/iconic/dist/university/page-lockscreen.html]
[wrraptheme.com/templates/iconic/dist/university/page-forgot-password.html]
[wrraptheme.com/templates/iconic/dist/university/page-404.html]
[wrraptheme.com/templates/iconic/dist/university/page-403.html]
[wrraptheme.com/templates/iconic/dist/university/page-500.html]
[wrraptheme.com/templates/iconic/dist/university/page-503.html]
[wrraptheme.com/templates/iconic/dist/university/page-blank.html]
[wrraptheme.com/templates/iconic/dist/university/page-profile.html]
[wrraptheme.com/templates/iconic/dist/university/page-gallery.html]
[wrraptheme.com/templates/iconic/dist/university/page-timeline.html]
[wrraptheme.com/templates/iconic/dist/university/page-pricing.html]
[wrraptheme.com/templates/iconic/dist/university/page-search-results.html]
[wrraptheme.com/templates/iconic/dist/university/page-maintenance.html]
[wrraptheme.com/templates/iconic/dist/university/page-testimonials.html]
[wrraptheme.com/templates/iconic/dist/university/page-faq.html]
[wrraptheme.com/templates/iconic/dist/university/app-calendar.html]
[wrraptheme.com/templates/iconic/dist/university/blog-list.html]
[wrraptheme.com/templates/iconic/dist/realestate/page-login.html]
[wrraptheme.com/templates/iconic/dist/realestate/doctor-profile.html]
[wrraptheme.com/templates/iconic/dist/realestate/app-compose.html]
[wrraptheme.com/templates/iconic/dist/realestate/app-inbox.html]
[wrraptheme.com/templates/iconic/dist/realestate/app-chat.html]
[wrraptheme.com/templates/iconic/dist/realestate/app-contact.html]
[wrraptheme.com/templates/iconic/js/realestate/agent-dashboard.js]
[wrraptheme.com/templates/iconic/dist/realestate/agent-dashboard.html]
[wrraptheme.com/templates/iconic/dist/realestate/agent-add.html]
[wrraptheme.com/templates/iconic/dist/realestate/agent-list.html]
[wrraptheme.com/templates/iconic/dist/assets/images/realestate/1.jpg]
[wrraptheme.com/templates/iconic/dist/realestate/blog-details.html]
[wrraptheme.com/templates/iconic/dist/assets/images/realestate/2.jpg]
[wrraptheme.com/templates/iconic/dist/assets/images/realestate/3.jpg]
[wrraptheme.com/templates/iconic/dist/assets/images/realestate/4.jpg]
[wrraptheme.com/templates/iconic/dist/assets/images/realestate/7.jpg]
[wrraptheme.com/templates/iconic/dist/assets/images/realestate/8.jpg]
[wrraptheme.com/templates/iconic/dist/realestate/agent-profile.html]
[wrraptheme.com/templates/iconic/dist/assets/images/realestate/5.jpg]
[wrraptheme.com/templates/iconic/dist/assets/images/realestate/6.jpg]
[wrraptheme.com/templates/iconic/dist/assets/images/realestate/9.jpg]
[wrraptheme.com/templates/iconic/dist/assets/images/realestate/10.jpg]
[wrraptheme.com/templates/iconic/dist/assets/images/realestate/11.jpg]
[wrraptheme.com/templates/iconic/dist/assets/images/realestate/12.jpg]
[wrraptheme.com/templates/iconic/dist/assets/images/realestate/13.jpg]
[wrraptheme.com/templates/iconic/dist/assets/images/realestate/14.jpg]
[wrraptheme.com/templates/iconic/dist/assets/images/realestate/15.jpg]
[wrraptheme.com/templates/iconic/dist/realestate/agent-gallery.html]
[wrraptheme.com/templates/iconic/dist/realestate/agent-activity.html]
[wrraptheme.com/templates/iconic/dist/realestate/agent-invoices.html]
[wrraptheme.com/templates/iconic/dist/realestate/agencies.html]
[wrraptheme.com/templates/iconic/dist/realestate/property-add.html]
[wrraptheme.com/templates/iconic/dist/realestate/property-list.html]
[wrraptheme.com/templates/iconic/dist/realestate/property-grid.html]
[wrraptheme.com/templates/iconic/dist/realestate/property-detail.html]
[wrraptheme.com/templates/iconic/dist/assets/images/realestate/ap1.jpg]
[wrraptheme.com/templates/iconic/dist/assets/images/realestate/ap2.jpg]
[wrraptheme.com/templates/iconic/dist/assets/images/realestate/ap3.jpg]
[wrraptheme.com/templates/iconic/dist/realestate/type-apartment.html]
[wrraptheme.com/templates/iconic/dist/assets/images/realestate/co1.jpg]
[wrraptheme.com/templates/iconic/dist/assets/images/realestate/co2.jpg]
[wrraptheme.com/templates/iconic/dist/assets/images/realestate/co3.jpg]
[wrraptheme.com/templates/iconic/dist/realestate/type-office.html]
[wrraptheme.com/templates/iconic/dist/assets/images/realestate/sm1.jpg]
[wrraptheme.com/templates/iconic/dist/assets/images/realestate/sm2.jpg]
[wrraptheme.com/templates/iconic/dist/realestate/type-shop.html]
[wrraptheme.com/templates/iconic/dist/assets/images/realestate/bv1.jpg]
[wrraptheme.com/templates/iconic/dist/assets/images/realestate/bv2.jpg]
[wrraptheme.com/templates/iconic/dist/realestate/type-bungalows.html]
[wrraptheme.com/templates/iconic/dist/realestate/category.html]
[wrraptheme.com/templates/iconic/dist/realestate/our-centres.html]
[wrraptheme.com/templates/iconic/dist/realestate/file-dashboard.html]
[wrraptheme.com/templates/iconic/dist/realestate/file-documents.html]
[wrraptheme.com/templates/iconic/dist/realestate/file-media.html]
[wrraptheme.com/templates/iconic/dist/realestate/file-images.html]
[wrraptheme.com/templates/iconic/dist/realestate/page-register.html]
[wrraptheme.com/templates/iconic/dist/realestate/page-lockscreen.html]
[wrraptheme.com/templates/iconic/dist/realestate/page-forgot-password.html]
[wrraptheme.com/templates/iconic/dist/realestate/page-404.html]
[wrraptheme.com/templates/iconic/dist/realestate/page-403.html]
[wrraptheme.com/templates/iconic/dist/realestate/page-500.html]
[wrraptheme.com/templates/iconic/dist/realestate/page-503.html]
[wrraptheme.com/templates/iconic/dist/realestate/page-blank.html]
[wrraptheme.com/templates/iconic/dist/realestate/page-profile.html]
[wrraptheme.com/templates/iconic/dist/realestate/page-gallery.html]
[wrraptheme.com/templates/iconic/dist/realestate/page-timeline.html]
[wrraptheme.com/templates/iconic/dist/realestate/page-pricing.html]
[wrraptheme.com/templates/iconic/dist/realestate/page-search-results.html]
[wrraptheme.com/templates/iconic/dist/realestate/page-maintenance.html]
[wrraptheme.com/templates/iconic/dist/realestate/page-testimonials.html]
[wrraptheme.com/templates/iconic/dist/realestate/page-faq.html]
[wrraptheme.com/templates/iconic/dist/realestate/app-calendar.html]
[wrraptheme.com/templates/iconic/dist/realestate/blog-post.html]
[wrraptheme.com/templates/iconic/dist/realestate/blog-list.html]
[wrraptheme.com/templates/iconic/dist/assets/css/chatapp.css]
[wrraptheme.com/templates/iconic/dist/assets/vendor/fullcalendar/fullcalendar.min.css]
[wrraptheme.com/templates/iconic/dist/assets/vendor/morrisjs/morris.css]
[wrraptheme.com/templates/iconic/dist/assets/vendor/summernote/dist/font/summernotef534.eot]
[wrraptheme.com/templates/iconic/dist/assets/vendor/summernote/dist/font/summernoted41d.eot]
[wrraptheme.com/templates/iconic/dist/assets/vendor/summernote/dist/font/summernotef534.woff]
[wrraptheme.com/templates/iconic/dist/assets/vendor/summernote/dist/font/summernotef534.ttf]
[wrraptheme.com/templates/iconic/dist/assets/vendor/summernote/dist/summernote.css]
[wrraptheme.com/templates/iconic/dist/assets/vendor/morrisjs/morris.min.css]
[wrraptheme.com/templates/iconic/dist/assets/css/ecommerce.css]
[wrraptheme.com/templates/iconic/dist/ec-product-detail.html]
[wrraptheme.com/templates/iconic/dist/assets/vendor/rangeslider/css/ion.rangeSlider.css]
[wrraptheme.com/templates/iconic/dist/assets/vendor/rangeslider/img/sprite-skin-flat.png]
[wrraptheme.com/templates/iconic/dist/assets/vendor/rangeslider/css/ion.rangeSlider.skinFlat.css]
[wrraptheme.com/templates/iconic/dist/assets/vendor/material-rangeslider/style.css]
[wrraptheme.com/templates/iconic/dist/assets/vendor/roundslider/roundslider.min.css]
[wrraptheme.com/templates/iconic/dist/assets/vendor/roundslider/style.css]
[wrraptheme.com/templates/iconic/dist/assets/vendor/bootstrap-treeview/bootstrap-treeview.min.css]
[wrraptheme.com/templates/iconic/dist/assets/vendor/jstree/themes/default/style.min.css]
[wrraptheme.com/templates/iconic/dist/assets/vendor/bootstrap-multiselect/bootstrap-multiselect.css]
[wrraptheme.com/templates/iconic/dist/assets/vendor/parsleyjs/css/parsley.css]
[wrraptheme.com/templates/iconic/dist/assets/vendor/bootstrap-colorpicker/img/bootstrap-colorpicker/saturation.png]
[wrraptheme.com/templates/iconic/dist/assets/vendor/bootstrap-colorpicker/img/bootstrap-colorpicker/hue.png]
[wrraptheme.com/templates/iconic/dist/assets/vendor/bootstrap-colorpicker/img/bootstrap-colorpicker/alpha.png]
[wrraptheme.com/templates/iconic/dist/assets/vendor/bootstrap-colorpicker/img/bootstrap-colorpicker/hue-horizontal.png]
[wrraptheme.com/templates/iconic/dist/assets/vendor/bootstrap-colorpicker/img/bootstrap-colorpicker/alpha-horizontal.png]
[wrraptheme.com/templates/iconic/dist/assets/vendor/bootstrap-colorpicker/css/bootstrap-colorpicker.css]
[wrraptheme.com/templates/iconic/dist/assets/vendor/multi-select/img/switch.png]
[wrraptheme.com/templates/iconic/dist/assets/vendor/multi-select/css/multi-select.css]
[wrraptheme.com/templates/iconic/dist/assets/vendor/bootstrap-tagsinput/bootstrap-tagsinput.css]
[wrraptheme.com/templates/iconic/dist/assets/vendor/nouislider/nouislider.min.css]
[wrraptheme.com/templates/iconic/dist/assets/vendor/dropify/fonts/dropify.eot]
[wrraptheme.com/templates/iconic/dist/assets/vendor/dropify/fonts/dropify.woff]
[wrraptheme.com/templates/iconic/dist/assets/vendor/dropify/fonts/dropify.ttf]
[wrraptheme.com/templates/iconic/dist/assets/vendor/dropify/fonts/dropify.svg]
[wrraptheme.com/templates/iconic/dist/assets/vendor/dropify/css/dropify.min.css]
[wrraptheme.com/templates/iconic/dist/assets/vendor/cropper/cropper.min.css]
[wrraptheme.com/templates/iconic/dist/cropped.html]
[wrraptheme.com/templates/iconic/dist/assets/vendor/bootstrap-markdown/bootstrap-markdown.min.css]
[wrraptheme.com/templates/iconic/dist/assets/vendor/jquery-datatable/fixedeader/dataTables.fixedcolumns.bootstrap4.min.css]
[wrraptheme.com/templates/iconic/dist/assets/vendor/jquery-datatable/fixedeader/dataTables.fixedheader.bootstrap4.min.css]
[wrraptheme.com/templates/iconic/dist/assets/vendor/table-dragger/table-dragger.min.css]
[wrraptheme.com/templates/iconic/dist/assets/vendor/light-gallery/fonts/lgd641.eot]
[wrraptheme.com/templates/iconic/dist/assets/vendor/light-gallery/fonts/lgd41d.eot]
[wrraptheme.com/templates/iconic/dist/assets/vendor/light-gallery/fonts/lgd641.woff]
[wrraptheme.com/templates/iconic/dist/assets/vendor/light-gallery/fonts/lgd641.ttf]
[wrraptheme.com/templates/iconic/dist/assets/vendor/light-gallery/fonts/lgd641.svg]
[wrraptheme.com/templates/iconic/dist/assets/vendor/light-gallery/img/vimeo-play.png]
[wrraptheme.com/templates/iconic/dist/assets/vendor/light-gallery/img/video-play.png]
[wrraptheme.com/templates/iconic/dist/assets/vendor/light-gallery/img/youtube-play.png]
[wrraptheme.com/templates/iconic/dist/assets/vendor/light-gallery/img/loading.gif]
[wrraptheme.com/templates/iconic/dist/assets/vendor/light-gallery/css/lightgallery.css]
[wrraptheme.com/templates/iconic/dist/assets/vendor/horizontal-timeline/img/cd-arrow.svg]
[wrraptheme.com/templates/iconic/dist/assets/vendor/horizontal-timeline/css/horizontal-timeline.css]
[wrraptheme.com/templates/iconic/dist/assets/vendor/jvectormap/jquery-jvectormap-2.0.3.css]
[wrraptheme.com/templates/iconic/dist/assets/images/logo.svg]
[wrraptheme.com/templates/iconic/dist/hospital/assets/images/logo-icon.html]
[wrraptheme.com/templates/iconic/dist/hospital/app-compose.html]
[wrraptheme.com/templates/iconic/dist/hospital/assets/images/sm/avatar1.html]
[wrraptheme.com/templates/iconic/dist/hospital/app-contact-grid.html]
[wrraptheme.com/templates/iconic/dist/hr/app-compose.html]
[wrraptheme.com/templates/iconic/dist/hr/app-event.html]
[wrraptheme.com/templates/iconic/dist/university/assets/images/logo-icon.html]
[wrraptheme.com/templates/iconic/dist/university/app-compose.html]
[wrraptheme.com/templates/iconic/dist/university/assets/images/sm/avatar1.html]
[wrraptheme.com/templates/iconic/dist/university/app-contact-grid.html]
[wrraptheme.com/templates/iconic/dist/university/add-professors.html]
[wrraptheme.com/templates/iconic/js/pages/student-profile.html]
[wrraptheme.com/templates/iconic/dist/realestate/assets/images/logo-icon.html]
[wrraptheme.com/templates/iconic/dist/realestate/app-compose.html]
[wrraptheme.com/templates/iconic/dist/realestate/assets/images/sm/avatar1.html]
[wrraptheme.com/templates/iconic/dist/realestate/app-contact-grid.html]
[wrraptheme.com/templates/iconic/dist/realestate/blog-details.html]
[wrraptheme.com/templates/iconic/dist/realestate/assets/vendor/bootstrap/css/bootstrap.min.html]
[wrraptheme.com/templates/iconic/dist/realestate/assets/vendor/font-awesome/css/font-awesome.min.html]
[wrraptheme.com/templates/iconic/dist/realestate/assets/css/main.html]
[wrraptheme.com/templates/iconic/dist/realestate/assets/css/blog.html]
[wrraptheme.com/templates/iconic/dist/realestate/assets/images/user.html]
[wrraptheme.com/templates/iconic/dist/realestate/page-profile2.html]
[wrraptheme.com/templates/iconic/dist/realestate/h-menu.html]
[wrraptheme.com/templates/iconic/dist/realestate/index9.html]
[wrraptheme.com/templates/iconic/dist/realestate/index2.html]
[wrraptheme.com/templates/iconic/dist/realestate/index6.html]
[wrraptheme.com/templates/iconic/dist/realestate/index7.html]
[wrraptheme.com/templates/iconic/dist/realestate/index8.html]
[wrraptheme.com/templates/iconic/dist/realestate/hospital/index.html]
[wrraptheme.com/templates/iconic/dist/realestate/hr/index.html]
[wrraptheme.com/templates/iconic/dist/realestate/university/index.html]
[wrraptheme.com/templates/iconic/dist/realestate/realestate/index.html]
[wrraptheme.com/templates/iconic/dist/realestate/app-taskboard.html]
[wrraptheme.com/templates/iconic/dist/realestate/blog-dashboard.html]
[wrraptheme.com/templates/iconic/dist/realestate/blog-post.html]
[wrraptheme.com/templates/iconic/dist/realestate/widgets-statistics.html]
[wrraptheme.com/templates/iconic/dist/realestate/widgets-data.html]
[wrraptheme.com/templates/iconic/dist/realestate/widgets-chart.html]
[wrraptheme.com/templates/iconic/dist/realestate/widgets-weather.html]
[wrraptheme.com/templates/iconic/dist/realestate/widgets-social.html]
[wrraptheme.com/templates/iconic/dist/realestate/widgets-blog.html]
[wrraptheme.com/templates/iconic/dist/realestate/widgets-ecommerce.html]
[wrraptheme.com/templates/iconic/dist/realestate/ui-typography.html]
[wrraptheme.com/templates/iconic/dist/realestate/ui-tabs.html]
[wrraptheme.com/templates/iconic/dist/realestate/ui-buttons.html]
[wrraptheme.com/templates/iconic/dist/realestate/ui-bootstrap.html]
[wrraptheme.com/templates/iconic/dist/realestate/ui-icons.html]
[wrraptheme.com/templates/iconic/dist/realestate/ui-notifications.html]
[wrraptheme.com/templates/iconic/dist/realestate/ui-colors.html]
[wrraptheme.com/templates/iconic/dist/realestate/ui-dialogs.html]
[wrraptheme.com/templates/iconic/dist/realestate/ui-list-group.html]
[wrraptheme.com/templates/iconic/dist/realestate/ui-media-object.html]
[wrraptheme.com/templates/iconic/dist/realestate/ui-modals.html]
[wrraptheme.com/templates/iconic/dist/realestate/ui-nestable.html]
[wrraptheme.com/templates/iconic/dist/realestate/ui-progressbars.html]
[wrraptheme.com/templates/iconic/dist/realestate/ui-range-sliders.html]
[wrraptheme.com/templates/iconic/dist/realestate/ui-treeview.html]
[wrraptheme.com/templates/iconic/dist/realestate/chart-apex.html]
[wrraptheme.com/templates/iconic/dist/realestate/chart-c3.html]
[wrraptheme.com/templates/iconic/dist/realestate/chart-morris.html]
[wrraptheme.com/templates/iconic/dist/realestate/chart-flot.html]
[wrraptheme.com/templates/iconic/dist/realestate/chart-chartjs.html]
[wrraptheme.com/templates/iconic/dist/realestate/chart-jquery-knob.html]
[wrraptheme.com/templates/iconic/dist/realestate/chart-sparkline.html]
[wrraptheme.com/templates/iconic/dist/realestate/chart-peity.html]
[wrraptheme.com/templates/iconic/dist/realestate/chart-gauges.html]
[wrraptheme.com/templates/iconic/dist/realestate/forms-validation.html]
[wrraptheme.com/templates/iconic/dist/realestate/forms-advanced.html]
[wrraptheme.com/templates/iconic/dist/realestate/forms-basic.html]
[wrraptheme.com/templates/iconic/dist/realestate/forms-wizard.html]
[wrraptheme.com/templates/iconic/dist/realestate/forms-dragdropupload.html]
[wrraptheme.com/templates/iconic/dist/realestate/forms-cropping.html]
[wrraptheme.com/templates/iconic/dist/realestate/forms-summernote.html]
[wrraptheme.com/templates/iconic/dist/realestate/forms-editors.html]
[wrraptheme.com/templates/iconic/dist/realestate/forms-markdown.html]
[wrraptheme.com/templates/iconic/dist/realestate/table-basic.html]
[wrraptheme.com/templates/iconic/dist/realestate/table-normal.html]
[wrraptheme.com/templates/iconic/dist/realestate/table-jquery-datatable.html]
[wrraptheme.com/templates/iconic/dist/realestate/table-editable.html]
[wrraptheme.com/templates/iconic/dist/realestate/table-color.html]
[wrraptheme.com/templates/iconic/dist/realestate/table-filter.html]
[wrraptheme.com/templates/iconic/dist/realestate/table-dragger.html]
[wrraptheme.com/templates/iconic/dist/realestate/page-gallery2.html]
[wrraptheme.com/templates/iconic/dist/realestate/page-timeline-h.html]
[wrraptheme.com/templates/iconic/dist/realestate/page-invoices.html]
[wrraptheme.com/templates/iconic/dist/realestate/page-invoices2.html]
[wrraptheme.com/templates/iconic/dist/realestate/page-helper-class.html]
[wrraptheme.com/templates/iconic/dist/realestate/page-teams-board.html]
[wrraptheme.com/templates/iconic/dist/realestate/page-projects-list.html]
[wrraptheme.com/templates/iconic/dist/realestate/map-google.html]
[wrraptheme.com/templates/iconic/dist/realestate/map-yandex.html]
[wrraptheme.com/templates/iconic/dist/realestate/map-jvectormap.html]
[wrraptheme.com/templates/iconic/dist/realestate/assets/images/xs/avatar1.html]
[wrraptheme.com/templates/iconic/dist/realestate/assets/images/xs/avatar2.html]
[wrraptheme.com/templates/iconic/dist/realestate/assets/images/xs/avatar3.html]
[wrraptheme.com/templates/iconic/dist/realestate/assets/images/xs/avatar4.html]
[wrraptheme.com/templates/iconic/dist/realestate/assets/images/xs/avatar5.html]
[wrraptheme.com/templates/iconic/dist/realestate/assets/images/blog/blog-page-1.html]
[wrraptheme.com/templates/iconic/dist/realestate/assets/images/blog/blog-page-2.html]
[wrraptheme.com/templates/iconic/dist/realestate/assets/images/blog/blog-page-3.html]
[wrraptheme.com/templates/iconic/dist/realestate/assets/images/blog/blog-page-4.html]
[wrraptheme.com/templates/iconic/dist/realestate/assets/images/blog/05-img.html]
[wrraptheme.com/templates/iconic/dist/realestate/assets/images/blog/06-img.html]
[wrraptheme.com/templates/iconic/dist/realestate/assets/images/blog/07-img.html]
[wrraptheme.com/templates/iconic/dist/realestate/assets/images/blog/08-img.html]
[wrraptheme.com/templates/iconic/dist/realestate/assets/images/blog/09-img.html]
[wrraptheme.com/templates/iconic/dist/realestate/assets/images/blog/10-img.html]
[wrraptheme.com/templates/iconic/dist/realestate/assets/images/blog/11-img.html]
[wrraptheme.com/templates/iconic/dist/realestate/assets/images/blog/12-img.html]
[wrraptheme.com/templates/iconic/dist/realestate/assets/images/blog/13-img.html]
[wrraptheme.com/templates/iconic/dist/realestate/assets/bundles/libscripts.bundle.html]
[wrraptheme.com/templates/iconic/dist/realestate/assets/bundles/vendorscripts.bundle.html]
[wrraptheme.com/templates/iconic/dist/realestate/assets/bundles/mainscripts.bundle.html]
[wrraptheme.com/templates/iconic/dist/assets/vendor/dropify/fonts/dropify.svg]
[wrraptheme.com/templates/iconic/dist/assets/vendor/light-gallery/fonts/lgd641.svg]
[wrraptheme.com/templates/iconic/dist/assets/vendor/horizontal-timeline/img/cd-arrow.svg]
[wrraptheme.com/templates/iconic/dist/hospital/assets/vendor/bootstrap/css/bootstrap.min.html]
[wrraptheme.com/templates/iconic/dist/hospital/assets/vendor/font-awesome/css/font-awesome.min.html]
[wrraptheme.com/templates/iconic/dist/hospital/assets/vendor/sweetalert/sweetalert.html]
[wrraptheme.com/templates/iconic/dist/hospital/assets/css/main.html]
[wrraptheme.com/templates/iconic/dist/hospital/assets/images/user.html]
[wrraptheme.com/templates/iconic/dist/hospital/page-profile2.html]
[wrraptheme.com/templates/iconic/dist/hospital/h-menu.html]
[wrraptheme.com/templates/iconic/dist/hospital/index9.html]
[wrraptheme.com/templates/iconic/dist/hospital/index2.html]
[wrraptheme.com/templates/iconic/dist/hospital/index6.html]
[wrraptheme.com/templates/iconic/dist/hospital/index7.html]
[wrraptheme.com/templates/iconic/dist/hospital/index8.html]
[wrraptheme.com/templates/iconic/dist/hospital/hospital/index.html]
[wrraptheme.com/templates/iconic/dist/hospital/hr/index.html]
[wrraptheme.com/templates/iconic/dist/hospital/university/index.html]
[wrraptheme.com/templates/iconic/dist/hospital/realestate/index.html]
[wrraptheme.com/templates/iconic/dist/hospital/widgets-statistics.html]
[wrraptheme.com/templates/iconic/dist/hospital/widgets-data.html]
[wrraptheme.com/templates/iconic/dist/hospital/widgets-chart.html]
[wrraptheme.com/templates/iconic/dist/hospital/widgets-weather.html]
[wrraptheme.com/templates/iconic/dist/hospital/widgets-social.html]
[wrraptheme.com/templates/iconic/dist/hospital/widgets-blog.html]
[wrraptheme.com/templates/iconic/dist/hospital/widgets-ecommerce.html]
[wrraptheme.com/templates/iconic/dist/hospital/ui-typography.html]
[wrraptheme.com/templates/iconic/dist/hospital/ui-tabs.html]
[wrraptheme.com/templates/iconic/dist/hospital/ui-buttons.html]
[wrraptheme.com/templates/iconic/dist/hospital/ui-bootstrap.html]
[wrraptheme.com/templates/iconic/dist/hospital/ui-icons.html]
[wrraptheme.com/templates/iconic/dist/hospital/ui-notifications.html]
[wrraptheme.com/templates/iconic/dist/hospital/ui-colors.html]
[wrraptheme.com/templates/iconic/dist/hospital/ui-dialogs.html]
[wrraptheme.com/templates/iconic/dist/hospital/ui-list-group.html]
[wrraptheme.com/templates/iconic/dist/hospital/ui-media-object.html]
[wrraptheme.com/templates/iconic/dist/hospital/ui-modals.html]
[wrraptheme.com/templates/iconic/dist/hospital/ui-nestable.html]
[wrraptheme.com/templates/iconic/dist/hospital/ui-progressbars.html]
[wrraptheme.com/templates/iconic/dist/hospital/ui-range-sliders.html]
[wrraptheme.com/templates/iconic/dist/hospital/ui-treeview.html]
[wrraptheme.com/templates/iconic/dist/hospital/chart-apex.html]
[wrraptheme.com/templates/iconic/dist/hospital/chart-c3.html]
[wrraptheme.com/templates/iconic/dist/hospital/chart-morris.html]
[wrraptheme.com/templates/iconic/dist/hospital/chart-flot.html]
[wrraptheme.com/templates/iconic/dist/hospital/chart-chartjs.html]
[wrraptheme.com/templates/iconic/dist/hospital/chart-jquery-knob.html]
[wrraptheme.com/templates/iconic/dist/hospital/chart-sparkline.html]
[wrraptheme.com/templates/iconic/dist/hospital/chart-peity.html]
[wrraptheme.com/templates/iconic/dist/hospital/chart-gauges.html]
[wrraptheme.com/templates/iconic/dist/hospital/forms-validation.html]
[wrraptheme.com/templates/iconic/dist/hospital/forms-advanced.html]
[wrraptheme.com/templates/iconic/dist/hospital/forms-basic.html]
[wrraptheme.com/templates/iconic/dist/hospital/forms-wizard.html]
[wrraptheme.com/templates/iconic/dist/hospital/forms-dragdropupload.html]
[wrraptheme.com/templates/iconic/dist/hospital/forms-cropping.html]
[wrraptheme.com/templates/iconic/dist/hospital/forms-summernote.html]
[wrraptheme.com/templates/iconic/dist/hospital/forms-editors.html]
[wrraptheme.com/templates/iconic/dist/hospital/forms-markdown.html]
[wrraptheme.com/templates/iconic/dist/hospital/table-basic.html]
[wrraptheme.com/templates/iconic/dist/hospital/table-normal.html]
[wrraptheme.com/templates/iconic/dist/hospital/table-jquery-datatable.html]
[wrraptheme.com/templates/iconic/dist/hospital/table-editable.html]
[wrraptheme.com/templates/iconic/dist/hospital/table-color.html]
[wrraptheme.com/templates/iconic/dist/hospital/table-filter.html]
[wrraptheme.com/templates/iconic/dist/hospital/table-dragger.html]
[wrraptheme.com/templates/iconic/dist/hospital/page-gallery2.html]
[wrraptheme.com/templates/iconic/dist/hospital/page-timeline-h.html]
[wrraptheme.com/templates/iconic/dist/hospital/page-invoices.html]
[wrraptheme.com/templates/iconic/dist/hospital/page-invoices2.html]
[wrraptheme.com/templates/iconic/dist/hospital/page-helper-class.html]
[wrraptheme.com/templates/iconic/dist/hospital/page-teams-board.html]
[wrraptheme.com/templates/iconic/dist/hospital/page-projects-list.html]
[wrraptheme.com/templates/iconic/dist/hospital/map-google.html]
[wrraptheme.com/templates/iconic/dist/hospital/map-yandex.html]
[wrraptheme.com/templates/iconic/dist/hospital/map-jvectormap.html]
[wrraptheme.com/templates/iconic/dist/hospital/assets/images/xs/avatar1.html]
[wrraptheme.com/templates/iconic/dist/hospital/assets/images/xs/avatar2.html]
[wrraptheme.com/templates/iconic/dist/hospital/assets/images/xs/avatar3.html]
[wrraptheme.com/templates/iconic/dist/hospital/assets/images/xs/avatar4.html]
[wrraptheme.com/templates/iconic/dist/hospital/assets/images/xs/avatar5.html]
[wrraptheme.com/templates/iconic/dist/hospital/assets/images/sm/avatar2.html]
[wrraptheme.com/templates/iconic/dist/hospital/assets/images/sm/avatar3.html]
[wrraptheme.com/templates/iconic/dist/hospital/assets/images/sm/avatar4.html]
[wrraptheme.com/templates/iconic/dist/hospital/assets/images/sm/avatar5.html]
[wrraptheme.com/templates/iconic/dist/hospital/assets/bundles/libscripts.bundle.html]
[wrraptheme.com/templates/iconic/dist/hospital/assets/bundles/vendorscripts.bundle.html]
[wrraptheme.com/templates/iconic/dist/hospital/assets/bundles/easypiechart.bundle.html]
[wrraptheme.com/templates/iconic/dist/hospital/assets/bundles/mainscripts.bundle.html]
[wrraptheme.com/templates/iconic/dist/realestate/assets/images/sm/avatar2.html]
[wrraptheme.com/templates/iconic/dist/realestate/assets/images/sm/avatar3.html]
[wrraptheme.com/templates/iconic/dist/realestate/assets/images/sm/avatar4.html]
[wrraptheme.com/templates/iconic/dist/realestate/assets/vendor/summernote/dist/summernote.html]
[wrraptheme.com/templates/iconic/dist/realestate/assets/vendor/summernote/dist/summernote-2.html]
